// Jest Snapshot v1, https://goo.gl/fbAQLP

exports[`PostItem renders correctly PostItem variant \`timeline\` renders correctly 1`] = `
<div>
  <div>
    <div
      class="Card relative flex-start justify-center items-start bg-white text-slate-900 rounded-3xl py-l px-xl sm:py-m sm:px-m"
    >
      <div
        class="flex w-full flex-col gap-x-12 gap-y-6 sm:gap-x-8   "
      >
        <div
          class="flex w-full flex-row gap-x-4 gap-y-2 sm:gap-x-2  md:flex-wrap items-center"
        >
          <div
            class="absolute left-0 transform -translate-x-1/2"
          >
            <div
              class="inline-flex rounded-full self-center bg-purple-200 border-6 overflow-hidden h-16 w-16 md:h-12 md:w-12 sm:h-10 sm:w-10"
            >
              <a
                class="transition duration-300 ease-in-out hover:scale-110"
                href="/user/195305735549092097"
              >
                <figure
                  class="grid bg-purple-200 overflow-hidden"
                >
                  <img
                    alt="peter"
                    class="block object-cover h-full w-full"
                    height="64"
                    src="//images.weserv.nl/?url=https%3A%2F%2Fcas-fee-advanced-ocvdad.zitadel.cloud%2Fassets%2Fv1%2F179828644300980481%2Fusers%2F195305735549092097%2Favatar%3Fv%3D3b1662b598359b0221e987ebc08375f7&w=64&fit=cover&h=64"
                    srcset="//images.weserv.nl/?url=https%3A%2F%2Fcas-fee-advanced-ocvdad.zitadel.cloud%2Fassets%2Fv1%2F179828644300980481%2Fusers%2F195305735549092097%2Favatar%3Fv%3D3b1662b598359b0221e987ebc08375f7&w=64&fit=cover&h=64 1x, //images.weserv.nl/?url=https%3A%2F%2Fcas-fee-advanced-ocvdad.zitadel.cloud%2Fassets%2Fv1%2F179828644300980481%2Fusers%2F195305735549092097%2Favatar%3Fv%3D3b1662b598359b0221e987ebc08375f7&w=64&fit=cover&h=64&dpr=2 2x"
                    width="64"
                  />
                </figure>
                <span
                  class="sr-only"
                >
                  Change Avatar
                </span>
              </a>
            </div>
          </div>
          <div
            class="flex w-full flex-col gap-x-4 gap-y-2 sm:gap-x-2   "
          >
            <span
              class="inline-block font-semibold overflow-hidden text-ellipsis mb-[-0.2em] pb-[0.2em] text-lg"
            >
              Peter Manser
            </span>
            <div
              class="flex w-full flex-row gap-x-4 gap-y-2 sm:gap-x-2   "
            >
              <a
                href="/user/195305735549092097"
              >
                <span
                  class="flex items-center leading-none rounded-full overflow-hidden text-ellipsis mb-[-0.2em] pb-[0.2em] text-sm gap-1 px-2 py-1 text-violet-600 hover:text-violet-900 hover:bg-violet-50  group transition-all duration-300"
                >
                  <span
                    class="inline-flex text-[11px] containing-svg:fill-current containing-svg:w-[1em]"
                  >
                    <svg
                      viewBox="0 0 16 16"
                      xmlns="http://www.w3.org/2000/svg"
                    >
                      <path
                        d="M8 7C9.933 7 11.5 5.433 11.5 3.5C11.5 1.567 9.933 0 8 0C6.067 0 4.5 1.567 4.5 3.5C4.5 5.433 6.067 7 8 7Z"
                        fill="currentColor"
                      />
                      <path
                        d="M8 8.5C6.14413 8.50212 4.36489 9.2403 3.05259 10.5526C1.7403 11.8649 1.00212 13.6441 1 15.5C1 15.6326 1.05268 15.7598 1.14645 15.8536C1.24021 15.9473 1.36739 16 1.5 16H14.5C14.6326 16 14.7598 15.9473 14.8536 15.8536C14.9473 15.7598 15 15.6326 15 15.5C14.9979 13.6441 14.2597 11.8649 12.9474 10.5526C11.6351 9.2403 9.85587 8.50212 8 8.5Z"
                        fill="currentColor"
                      />
                    </svg>
                  </span>
                  peter
                </span>
              </a>
              <span
                class="flex items-center leading-none rounded-full overflow-hidden text-ellipsis mb-[-0.2em] pb-[0.2em] text-sm gap-1 px-2 py-1 text-slate-500 hover:text-slate-600 hover:bg-slate-100  group transition-all duration-300"
              >
                <span
                  class="inline-flex text-[11px] containing-svg:fill-current containing-svg:w-[1em]"
                >
                  <svg
                    viewBox="0 0 16 16"
                    xmlns="http://www.w3.org/2000/svg"
                  >
                    <path
                      d="M14 3H13V1C13 0.734784 12.8946 0.48043 12.7071 0.292893C12.5196 0.105357 12.2652 0 12 0C11.7348 0 11.4804 0.105357 11.2929 0.292893C11.1054 0.48043 11 0.734784 11 1V3H5V1C5 0.734784 4.89464 0.48043 4.70711 0.292893C4.51957 0.105357 4.26522 0 4 0C3.73478 0 3.48043 0.105357 3.29289 0.292893C3.10536 0.48043 3 0.734784 3 1V3H2C1.46957 3 0.960859 3.21071 0.585786 3.58579C0.210714 3.96086 0 4.46957 0 5L0 14C0 14.5304 0.210714 15.0391 0.585786 15.4142C0.960859 15.7893 1.46957 16 2 16H14C14.5304 16 15.0391 15.7893 15.4142 15.4142C15.7893 15.0391 16 14.5304 16 14V5C16 4.46957 15.7893 3.96086 15.4142 3.58579C15.0391 3.21071 14.5304 3 14 3ZM2 14V7H14V14H2Z"
                      fill="currentColor"
                    />
                  </svg>
                </span>
                <time
                  datetime="2023-05-03T04:55:45.155Z"
                  title="03.05.2023 06:55"
                >
                   vor 13 Tagen 
                </time>
              </span>
            </div>
          </div>
        </div>
        <div
          class="block font-medium leading-normal text-l [&>p]:mb-2 [&>p:last-child]:mb-0 [&>p>a]:text-violet-600 [&>p>a:hover]:text-violet-400 [&>p]:break-words"
        >
          <p>
            Hier ist noch ein 
            <a
              href="/tag/hashtag"
            >
              #hashtag
            </a>
          </p>
        </div>
      </div>
    </div>
  </div>
</div>
`;
