// Jest Snapshot v1, https://goo.gl/fbAQLP

exports[`UserRecommender component renders to match snapshot 1`] = `
<div>
  <h2
    class="leading-tight overflow-hidden text-ellipsis text-3xl font-bold"
  >
    Empfohlene User
  </h2>
  <div
    class="flex w-full flex-row gap-x-4 gap-y-2 sm:gap-x-2 mb-16  "
  >
    <div
      class="flex-1 flex flex-row flex-wrap -m-2"
    >
      <div
        class="flex-initial w-4/12 p-2 sm:w-1/2"
      >
        <div
          class="Card relative flex-start justify-center items-start bg-white text-slate-900 rounded-3xl py-s px-s"
        >
          <div
            class="animate-pulse"
          >
            <div
              class="flex w-full flex-col gap-x-8 gap-y-4 sm:gap-x-4   items-center"
            >
              <div
                class="h-24 w-24 bg-gray-300 rounded-full"
              />
              <div
                class="flex flex-col gap-2"
              >
                <div
                  class="h-4 w-24 bg-gray-300 rounded-full max-w-[100px]"
                />
                <div
                  class="h-5 w-24 bg-gray-300 rounded-full max-w-[100px]"
                />
              </div>
              <div
                class="h-10 w-full bg-gray-400 rounded-lg max-w-[160px]"
              />
            </div>
          </div>
        </div>
      </div>
      <div
        class="flex-initial w-4/12 p-2 sm:w-1/2"
      >
        <div
          class="Card relative flex-start justify-center items-start bg-white text-slate-900 rounded-3xl py-s px-s"
        >
          <div
            class="animate-pulse"
          >
            <div
              class="flex w-full flex-col gap-x-8 gap-y-4 sm:gap-x-4   items-center"
            >
              <div
                class="h-24 w-24 bg-gray-300 rounded-full"
              />
              <div
                class="flex flex-col gap-2"
              >
                <div
                  class="h-4 w-24 bg-gray-300 rounded-full max-w-[100px]"
                />
                <div
                  class="h-5 w-24 bg-gray-300 rounded-full max-w-[100px]"
                />
              </div>
              <div
                class="h-10 w-full bg-gray-400 rounded-lg max-w-[160px]"
              />
            </div>
          </div>
        </div>
      </div>
      <div
        class="flex-initial w-4/12 p-2 sm:w-1/2"
      >
        <div
          class="Card relative flex-start justify-center items-start bg-white text-slate-900 rounded-3xl py-s px-s"
        >
          <div
            class="animate-pulse"
          >
            <div
              class="flex w-full flex-col gap-x-8 gap-y-4 sm:gap-x-4   items-center"
            >
              <div
                class="h-24 w-24 bg-gray-300 rounded-full"
              />
              <div
                class="flex flex-col gap-2"
              >
                <div
                  class="h-4 w-24 bg-gray-300 rounded-full max-w-[100px]"
                />
                <div
                  class="h-5 w-24 bg-gray-300 rounded-full max-w-[100px]"
                />
              </div>
              <div
                class="h-10 w-full bg-gray-400 rounded-lg max-w-[160px]"
              />
            </div>
          </div>
        </div>
      </div>
      <div
        class="flex-initial w-4/12 p-2 sm:w-1/2"
      >
        <div
          class="Card relative flex-start justify-center items-start bg-white text-slate-900 rounded-3xl py-s px-s"
        >
          <div
            class="animate-pulse"
          >
            <div
              class="flex w-full flex-col gap-x-8 gap-y-4 sm:gap-x-4   items-center"
            >
              <div
                class="h-24 w-24 bg-gray-300 rounded-full"
              />
              <div
                class="flex flex-col gap-2"
              >
                <div
                  class="h-4 w-24 bg-gray-300 rounded-full max-w-[100px]"
                />
                <div
                  class="h-5 w-24 bg-gray-300 rounded-full max-w-[100px]"
                />
              </div>
              <div
                class="h-10 w-full bg-gray-400 rounded-lg max-w-[160px]"
              />
            </div>
          </div>
        </div>
      </div>
      <div
        class="flex-initial w-4/12 p-2 sm:w-1/2"
      >
        <div
          class="Card relative flex-start justify-center items-start bg-white text-slate-900 rounded-3xl py-s px-s"
        >
          <div
            class="animate-pulse"
          >
            <div
              class="flex w-full flex-col gap-x-8 gap-y-4 sm:gap-x-4   items-center"
            >
              <div
                class="h-24 w-24 bg-gray-300 rounded-full"
              />
              <div
                class="flex flex-col gap-2"
              >
                <div
                  class="h-4 w-24 bg-gray-300 rounded-full max-w-[100px]"
                />
                <div
                  class="h-5 w-24 bg-gray-300 rounded-full max-w-[100px]"
                />
              </div>
              <div
                class="h-10 w-full bg-gray-400 rounded-lg max-w-[160px]"
              />
            </div>
          </div>
        </div>
      </div>
      <div
        class="flex-initial w-4/12 p-2 sm:w-1/2"
      >
        <div
          class="Card relative flex-start justify-center items-start bg-white text-slate-900 rounded-3xl py-s px-s"
        >
          <div
            class="animate-pulse"
          >
            <div
              class="flex w-full flex-col gap-x-8 gap-y-4 sm:gap-x-4   items-center"
            >
              <div
                class="h-24 w-24 bg-gray-300 rounded-full"
              />
              <div
                class="flex flex-col gap-2"
              >
                <div
                  class="h-4 w-24 bg-gray-300 rounded-full max-w-[100px]"
                />
                <div
                  class="h-5 w-24 bg-gray-300 rounded-full max-w-[100px]"
                />
              </div>
              <div
                class="h-10 w-full bg-gray-400 rounded-lg max-w-[160px]"
              />
            </div>
          </div>
        </div>
      </div>
    </div>
  </div>
</div>
`;
